

docker pull mysql:5.6
docker run --detach --name=sdgmysql4 --env="MYSQL_ROOT_PASSWORD=root" --publish 3306:3306 mysql:5.6
mysql --host=0.0.0.0 -u root -proot


Oracle is a registered trademark of Oracle Corporation and/or its
affiliates. Other names may be trademarks of their respective
owners.

Type 'help;' or '\h' for help. Type '\c' to clear the current input statement.

mysql> create database employee
    -> ;
Query OK, 1 row affected (0.00 sec)

mysql> use employee
Database changed
mysql> create table emp(id INT NOT NULL AUTO_INCREMENT,name VARCHAR(30) NOT NULL,title VARCHAR(30) NOT NULL);
ERROR 1075 (42000): Incorrect table definition; there can be only one auto column and it must be defined as a key
mysql> create table emp(id INT NOT NULL AUTO_INCREMENT,name VARCHAR(30) NOT NULL,title VARCHAR(30) NOT NULL, primary key (id));
Query OK, 0 rows affected (0.02 sec)

mysql> insert into emp values(default,'Darren','CEO');
Query OK, 1 row affected (0.00 sec)

mysql> insert into emp values(default,'Mike','ADMIN');
Query OK, 1 row affected (0.01 sec)

mysql> insert into emp values(default,'Kenny','CONSULTANT');
Query OK, 1 row affected (0.00 sec)
